// Jest Snapshot v1, https://goo.gl/fbAQLP

exports[`Render Modal component render correctly formDialog component 1`] = `null`;
